// Jest Snapshot v1, https://goo.gl/fbAQLP

exports[`ImageStub renders a deterministic gradient + topic glyph (snapshot) 1`] = `
<View
  style={
    {
      "bottom": 0,
      "left": 0,
      "position": "absolute",
      "right": 0,
      "top": 0,
    }
  }
>
  <ViewManagerAdapter_ExpoLinearGradient
    colors={
      [
        4281998449,
        4285281411,
      ]
    }
    style={
      {
        "bottom": 0,
        "left": 0,
        "position": "absolute",
        "right": 0,
        "top": 0,
      }
    }
  />
  <View
    style={
      {
        "alignItems": "center",
        "bottom": 0,
        "justifyContent": "center",
        "left": 0,
        "position": "absolute",
        "right": 0,
        "top": 0,
      }
    }
  >
    <Text
      style={
        {
          "fontSize": 64,
          "opacity": 0.35,
        }
      }
    >
      🤖
    </Text>
  </View>
</View>
`;

exports[`ImageStub renders a different topic with a different glyph (snapshot) 1`] = `
<View
  style={
    {
      "bottom": 0,
      "left": 0,
      "position": "absolute",
      "right": 0,
      "top": 0,
    }
  }
>
  <ViewManagerAdapter_ExpoLinearGradient
    colors={
      [
        4281998449,
        4285281411,
      ]
    }
    style={
      {
        "bottom": 0,
        "left": 0,
        "position": "absolute",
        "right": 0,
        "top": 0,
      }
    }
  />
  <View
    style={
      {
        "alignItems": "center",
        "bottom": 0,
        "justifyContent": "center",
        "left": 0,
        "position": "absolute",
        "right": 0,
        "top": 0,
      }
    }
  >
    <Text
      style={
        {
          "fontSize": 64,
          "opacity": 0.35,
        }
      }
    >
      🪐
    </Text>
  </View>
</View>
`;
