// Jest Snapshot v1, https://goo.gl/fbAQLP

exports[`LoadingScreen renders the branded logo + spinner without crashing (snapshot) 1`] = `
<View
  style={
    [
      {
        "alignItems": "center",
        "flex": 1,
        "justifyContent": "center",
      },
      {
        "backgroundColor": "#fefbff",
      },
    ]
  }
>
  <ViewManagerAdapter_ExpoImage
    containerViewRef={"[React.ref]"}
    contentFit="contain"
    contentPosition={
      {
        "left": "50%",
        "top": "50%",
      }
    }
    height={76}
    marginBottom={24}
    nativeViewRef={"[React.ref]"}
    onError={[Function]}
    onLoad={[Function]}
    onLoadStart={[Function]}
    onProgress={[Function]}
    placeholder={[]}
    sfEffect={null}
    source={
      [
        {
          "testUri": "../../../../../../apps/mobile/assets/images/splash-icon.png",
        },
      ]
    }
    style={
      {
        "height": 76,
        "marginBottom": 24,
        "width": 76,
      }
    }
    symbolSize={null}
    symbolWeight={null}
    transition={null}
    width={76}
  />
  <Text
    style={
      [
        {
          "fontSize": 24,
          "fontWeight": "700",
          "lineHeight": 30,
          "marginBottom": 24,
        },
        {
          "color": "#1b1b1f",
        },
      ]
    }
  >
    TechTok
  </Text>
  <ActivityIndicator
    color="#895100"
    size="large"
    style={
      {
        "marginTop": 8,
      }
    }
  />
</View>
`;
