// Jest Snapshot v1, https://goo.gl/fbAQLP

exports[`LoadingScreen renders the branded logo + spinner without crashing (snapshot) 1`] = `
<View
  style={
    {
      "alignItems": "center",
      "backgroundColor": "#111A33",
      "flex": 1,
      "justifyContent": "center",
    }
  }
>
  <ViewManagerAdapter_ExpoImage
    aspectRatio={1}
    containerViewRef={"[React.ref]"}
    contentFit="contain"
    contentPosition={
      {
        "left": "50%",
        "top": "50%",
      }
    }
    marginBottom={24}
    nativeViewRef={"[React.ref]"}
    onError={[Function]}
    onLoad={[Function]}
    onLoadStart={[Function]}
    onProgress={[Function]}
    placeholder={[]}
    sfEffect={null}
    source={
      [
        {
          "testUri": "../../../../../../apps/mobile/assets/images/splash-icon.png",
        },
      ]
    }
    style={
      {
        "aspectRatio": 1,
        "marginBottom": 24,
        "width": 76,
      }
    }
    symbolSize={null}
    symbolWeight={null}
    transition={null}
    width={76}
  />
  <ActivityIndicator
    color="#ffffff"
    size="large"
    style={
      {
        "marginTop": 8,
      }
    }
  />
</View>
`;
